// Jest Snapshot v1, https://goo.gl/fbAQLP

exports[`Testing pause botton Pause botton have rendered correctly 1`] = `
<div
  className="sc-bdnxRM dLwCkD"
/>
`;

exports[`Testing pause botton Pause button have rendered correctly 1`] = `
<div
  className="sc-bdnxRM dLwCkD"
/>
`;

exports[`Testing pause button Pause button have rendered correctly 1`] = `
<div
  className="sc-bdnxRM dLwCkD"
/>
`;
